---
source: src/app/options.rs
expression: buffer_snapshot_string(&buf)
---
· Options · AAPL ·······························································
·Exp 1 / 1 · 2026-06-20 · Spot: · · Greeks: off (g) · [ ] h/l exp · j/k strike ·
·                                                                              ·
·· CALLS ································ PUTS ·································
··  Stri Bid  Ask   Last Vol  OI   IV  ··  Stri Bid  Ask   Last Vol  OI   IV  ··
··> $220 ·    ·     ·    ·    ·    ·   ··> $220 ·    ·     ·    ·    ·    ·   ··
··  $225 ·    ·     ·    ·    ·    ·   ··                                     ··
··                                     ··                                     ··
··                                     ··                                     ··
··                                     ··                                     ··
··                                     ··                                     ··
··                                     ··                                     ··
··                                     ··                                     ··
··                                     ··                                     ··
··                                     ··                                     ··
··                                     ··                                     ··
··                                     ··                                     ··
··                                     ··                                     ··
··                                     ··                                     ··
··                                     ··                                     ··
··                                     ··                                     ··
··                                     ··                                     ··
················································································
················································································
