---
source: src/app/charts.rs
expression: "render_candlestick_snapshot(80, 24, 20)"
---
                                                                                
                                                                                
                                                                             ·  
                                                                         ·  ··· 
                                                                     ·  ··· ··· 
                                                             ·  ··· ··· ···     
                                                         ·  ··· ··· ···         
                                                     ·  ··· ···  ·              
                                                 ·  ··· ···  ·                  
                                             ·  ··· ···  ·                      
                                         ·  ··· ···                             
                                     ·  ··· ···                                 
                                 ·  ··· ···                                     
                             ·  ··· ···                                         
                     ·  ··· ··· ···                                             
                 ·  ··· ··· ···                                                 
             ·  ··· ···  ·                                                      
         ·  ··· ···  ·                                                          
     ·  ··· ···  ·                                                              
 ·  ··· ···                                                                     
··· ···                                                                         
···
