---
source: src/app/charts.rs
expression: "render_candlestick_snapshot(120, 40, 40)"
---
                                                                                                                        
                                                                                                                        
                                                                                                                        
                                                                                                                      · 
                                                                                                                   · ·· 
                                                                                                                · ·· ·· 
                                                                                                          · ·· ·· ··    
                                                                                                       · ·· ·· ··       
                                                                                                    · ·· ··  ·          
                                                                                                 · ·· ··                
                                                                                           · ·· ·· ··                   
                                                                                        · ·· ·· ··                      
                                                                                     · ·· ··                            
                                                                               · ·· ·· ··                               
                                                                            · ·· ·· ··                                  
                                                                         · ·· ··  ·                                     
                                                                      · ·· ··                                           
                                                                · ·· ·· ··                                              
                                                             · ·· ·· ··                                                 
                                                          · ·· ··  ·                                                    
                                                    · ·· ·· ··                                                          
                                                 · ·· ·· ··                                                             
                                              · ·· ··  ·                                                                
                                           · ·· ··                                                                      
                                     · ·· ·· ··                                                                         
                                  · ·· ·· ··                                                                            
                               · ·· ··  ·                                                                               
                            · ·· ··                                                                                     
                      · ·· ·· ··                                                                                        
                   · ·· ·· ··                                                                                           
                · ·· ··                                                                                                 
          · ·· ·· ··                                                                                                    
       · ·· ·· ··                                                                                                       
    · ·· ··  ·                                                                                                          
 · ·· ··                                                                                                                
·· ··                                                                                                                   
··
