---
source: src/app/dashboard.rs
assertion_line: 325
expression: buffer_snapshot_string(&buf)
---
·Watchlist···················································Detail·····················································
·Symbol       Last         Change     %Chg      Volume     ··Loading...                                                ·
·AAPL         ·            ·          ·         ·          ··                                                          ·
·MSFT         ·            ·          ·         ·          ··                                                          ·
·                                                          ··                                                          ·
·                                                          ··                                                          ·
·                                                          ··                                                          ·
·                                                          ··                                                          ·
·                                                          ··                                                          ·
·                                                          ··                                                          ·
·                                                          ··                                                          ·
·                                                          ··                                                          ·
·                                                          ··                                                          ·
·                                                          ··                                                          ·
·                                                          ··                                                          ·
·                                                          ··                                                          ·
·                                                          ··                                                          ·
·                                                          ··                                                          ·
·                                                          ··                                                          ·
························································································································
·News························································Portfolio··················································
·Loading·                                                  ···Summary···················································
·                                                          ···Total Value: $1800.00  |  Cost Basis: $1500.00  |  P/L: ··
·                                                          ·····························································
·                                                          ···Holdings··················································
·                                                          ···Symbol  Shares  Avg Pri Current  Value   P/L     P/L %  ··
·                                                          ···AAPL    10.00   $150.00 $180.00  $1800.0 $300.00 20.00% ··
·                                                          ···                                                        ··
·                                                          ···                                                        ··
·                                                          ···                                                        ··
·                                                          ···                                                        ··
·                                                          ···                                                        ··
·                                                          ···                                                        ··
·                                                          ···                                                        ··
·                                                          ···                                                        ··
·                                                          ···                                                        ··
·                                                          ···                                                        ··
·                                                          ···                                                        ··
·                                                          ·····························································
························································································································
