---
source: src/app/dashboard.rs
assertion_line: 399
expression: buffer_snapshot_string(&buf)
---
·AAPL · 1Y · candles····························································
·                                                                              ·
·                                                                              ·
·                                                               ·· ··          ·
·                                                         ·· ·· ·· ··          ·
·                                                      ·· ·· ·· ·· ··          ·
·                                                ·· ·· ·· ·· ·· ·· ··          ·
·                                          ·· ·· ·· ·· ·· ·· ·· ·· ··          ·
·          ·  ·  ·  ·  ·  ·  ·  ·  · ·· ·· ·· ·· ·· ·· ·· ·· ·· ·· ··          ·
·          ·  ·  ·  ·  ·  ·  ·  · ·· ·· ·· ·· ·· ·· ·· ·· ·· ·· ·· ··          ·
·          ·  ·  ·  ·  ·  · ·· ·· ·· ·· ·· ·· ·· ·· ·· ·· ·· ·· ·· ··          ·
·          ·  ·  ·  · ·· ·· ·· ·· ·· ·· ·· ·· ·· ·· ·· ·· ·· ·· ·· ··          ·
·          ·  · ·· ·· ·· ·· ·· ·· ·· ·· ·· ·· ·· ·· ·· ·· ·· ·· ·· ··          ·
·          · ·· ·· ·· ·· ·· ·· ·· ·· ·· ·· ·· ·· ·· ·· ·· ·· ·· ·· ··          ·
·         ·· ·· ·· ·· ·· ·· ·· ·· ·· ·· ·· ·· ·· ·· ·· ·· ·· ·· ·· ··          ·
·         ··  ·  ·  ·  ·  ·  ·  ·  ·  ·  ·  ·  ·  ·  ·  ·  ·  ·  ·  ·          ·
·          ·  ·  ·  ·  ·  ·  ·  ·  ·  ·  ·  ·  ·  ·  ·  ·  ·  ·  ·  ·          ·
·          ·  ·  ·  ·  ·  ·  ·  ·  ·  ·  ·  ·  ·  ·  ·  ·  ·  ·  ·  ·          ·
·          ·  ·  ·  ·  ·  ·  ·  ·  ·  ·  ·  ·  ·  ·  ·  ·  ·  ·  ·  ·          ·
·          ·  ·  ·  ·  ·  ·  ·  ·  ·  ·  ·  ·  ·  ·  ·  ·  ·  ·  ·  ·          ·
·                                                                              ·
·                                                                              ·
················································································
1Y · candles
